// Jest Snapshot v1, https://goo.gl/fbAQLP

exports[`utils/extensions Should render file icon 1`] = `
<ResourceIcon
  style={
    Object {
      "color": "#0065f6",
    }
  }
/>
`;

exports[`utils/extensions Should run task with some effects 1`] = `
<Result
  data="test"
  extraView={null}
  tab={
    Object {
      "tableType": 0,
    }
  }
/>
`;
