// Jest Snapshot v1, https://goo.gl/fbAQLP

exports[`Test EditorEntry Should match snapshot 1`] = `
<DocumentFragment>
  <div
    class="entry"
  >
    <img
      class="logo"
      src="images/taier.png"
      width="200"
    />
    <div
      class="commands"
    >
      <div
        class="command"
      >
        <div
          class="label"
        >
          切换侧边栏
        </div>
        <div
          class="keybindings"
        >
          <code
            class="keyCode"
          >
            sidebar
          </code>
        </div>
      </div>
      <div
        class="command"
      >
        <div
          class="label"
        >
          切换面板
        </div>
        <div
          class="keybindings"
        >
          <code
            class="keyCode"
          >
            workbench.action.showPanel
          </code>
        </div>
      </div>
      <div
        class="command"
      >
        <div
          class="label"
        >
          运行 SQL
        </div>
        <div
          class="keybindings"
        >
          <code
            class="keyCode"
          >
            RunSQL
          </code>
        </div>
      </div>
      <div
        class="command"
      >
        <div
          class="label"
        >
          切换主题颜色
        </div>
        <div
          class="keybindings"
        >
          <code
            class="keyCode"
          >
            workbench.action.selectTheme
          </code>
        </div>
      </div>
    </div>
  </div>
</DocumentFragment>
`;
